TypeError: MainWindow.__show_error() missing 1 required positional argument: 'details'
Traceback (most recent call last):
  File "/home/asd/Projects/zooui/zooui/objects/scene/qzui.py", line 229, in paintEvent
    errors = self.scene.render(painter, self.__draft)  #
             ^^^^^^^^^^^^^^^^^^^^^^^^^^^^^^^^^^^^^^^^
  File "/home/asd/Projects/zooui/zooui/objects/scene/scene.py", line 1071, in render
    mediaobject.render(painter, mode)
  File "/home/asd/Projects/zooui/zooui/objects/mediaobjects/pdfmediaobject.py", line 162, in render
    super().render(painter, mode)
  File "/home/asd/Projects/zooui/zooui/objects/mediaobjects/tiledmediaobject.py", line 814, in render
    self.__run_tiler()
  File "/home/asd/Projects/zooui/zooui/objects/mediaobjects/tiledmediaobject.py", line 737, in __run_tiler
    if not os.path.exists(self.__ppmfile):
                          ^^^^^^^^^^^^^^
AttributeError: 'PdfMediaObject' object has no attribute '_TiledMediaObject__ppmfile'. Did you mean: '_TiledMediaObject__tmpfile'?
Traceback (most recent call last):
  File "/home/asd/Projects/zooui/zooui/objects/scene/qzui.py", line 297, in timerEvent
    self.repaint()
  File "/home/asd/Projects/zooui/zooui/objects/scene/qzui.py", line 229, in paintEvent
    errors = self.scene.render(painter, self.__draft)  #
             ^^^^^^^^^^^^^^^^^^^^^^^^^^^^^^^^^^^^^^^^
  File "/home/asd/Projects/zooui/zooui/objects/scene/scene.py", line 1071, in render
    mediaobject.render(painter, mode)
  File "/home/asd/Projects/zooui/zooui/objects/mediaobjects/pdfmediaobject.py", line 162, in render
    super().render(painter, mode)
  File "/home/asd/Projects/zooui/zooui/objects/mediaobjects/tiledmediaobject.py", line 814, in render
    self.__run_tiler()
  File "/home/asd/Projects/zooui/zooui/objects/mediaobjects/tiledmediaobject.py", line 737, in __run_tiler
    if not os.path.exists(self.__ppmfile):
                          ^^^^^^^^^^^^^^
AttributeError: 'PdfMediaObject' object has no attribute '_TiledMediaObject__ppmfile'. Did you mean: '_TiledMediaObject__tmpfile'?
Traceback (most recent call last):
  File "/home/asd/Projects/zooui/zooui/objects/scene/qzui.py", line 297, in timerEvent
    self.repaint()
  File "/home/asd/Projects/zooui/zooui/objects/scene/qzui.py", line 229, in paintEvent
    errors = self.scene.render(painter, self.__draft)  #
             ^^^^^^^^^^^^^^^^^^^^^^^^^^^^^^^^^^^^^^^^
  File "/home/asd/Projects/zooui/zooui/objects/scene/scene.py", line 1071, in render
    mediaobject.render(painter, mode)
  File "/home/asd/Projects/zooui/zooui/objects/mediaobjects/pdfmediaobject.py", line 162, in render
    super().render(painter, mode)
  File "/home/asd/Projects/zooui/zooui/objects/mediaobjects/tiledmediaobject.py", line 814, in render
    self.__run_tiler()
  File "/home/asd/Projects/zooui/zooui/objects/mediaobjects/tiledmediaobject.py", line 737, in __run_tiler
    if not os.path.exists(self.__ppmfile):
                          ^^^^^^^^^^^^^^
AttributeError: 'PdfMediaObject' object has no attribute '_TiledMediaObject__ppmfile'. Did you mean: '_TiledMediaObject__tmpfile'?
Traceback (most recent call last):
  File "/home/asd/Projects/zooui/zooui/objects/scene/qzui.py", line 297, in timerEvent
    self.repaint()
  File "/home/asd/Projects/zooui/zooui/objects/scene/qzui.py", line 229, in paintEvent
    errors = self.scene.render(painter, self.__draft)  #
             ^^^^^^^^^^^^^^^^^^^^^^^^^^^^^^^^^^^^^^^^
  File "/home/asd/Projects/zooui/zooui/objects/scene/scene.py", line 1071, in render
    mediaobject.render(painter, mode)
  File "/home/asd/Projects/zooui/zooui/objects/mediaobjects/pdfmediaobject.py", line 162, in render
    super().render(painter, mode)
  File "/home/asd/Projects/zooui/zooui/objects/mediaobjects/tiledmediaobject.py", line 814, in render
    self.__run_tiler()
  File "/home/asd/Projects/zooui/zooui/objects/mediaobjects/tiledmediaobject.py", line 737, in __run_tiler
    if not os.path.exists(self.__ppmfile):
                          ^^^^^^^^^^^^^^
AttributeError: 'PdfMediaObject' object has no attribute '_TiledMediaObject__ppmfile'. Did you mean: '_TiledMediaObject__tmpfile'?
Traceback (most recent call last):
  File "/home/asd/Projects/zooui/zooui/objects/scene/qzui.py", line 229, in paintEvent
    errors = self.scene.render(painter, self.__draft)  #
             ^^^^^^^^^^^^^^^^^^^^^^^^^^^^^^^^^^^^^^^^
  File "/home/asd/Projects/zooui/zooui/objects/scene/scene.py", line 1071, in render
    mediaobject.render(painter, mode)
  File "/home/asd/Projects/zooui/zooui/objects/mediaobjects/pdfmediaobject.py", line 162, in render
    super().render(painter, mode)
  File "/home/asd/Projects/zooui/zooui/objects/mediaobjects/tiledmediaobject.py", line 814, in render
    self.__run_tiler()
  File "/home/asd/Projects/zooui/zooui/objects/mediaobjects/tiledmediaobject.py", line 737, in __run_tiler
    if not os.path.exists(self.__ppmfile):
                          ^^^^^^^^^^^^^^
AttributeError: 'PdfMediaObject' object has no attribute '_TiledMediaObject__ppmfile'. Did you mean: '_TiledMediaObject__tmpfile'?
Traceback (most recent call last):
  File "/home/asd/Projects/zooui/zooui/objects/scene/qzui.py", line 229, in paintEvent
    errors = self.scene.render(painter, self.__draft)  #
             ^^^^^^^^^^^^^^^^^^^^^^^^^^^^^^^^^^^^^^^^
  File "/home/asd/Projects/zooui/zooui/objects/scene/scene.py", line 1071, in render
    mediaobject.render(painter, mode)
  File "/home/asd/Projects/zooui/zooui/objects/mediaobjects/pdfmediaobject.py", line 162, in render
    super().render(painter, mode)
  File "/home/asd/Projects/zooui/zooui/objects/mediaobjects/tiledmediaobject.py", line 814, in render
    self.__run_tiler()
  File "/home/asd/Projects/zooui/zooui/objects/mediaobjects/tiledmediaobject.py", line 737, in __run_tiler
    if not os.path.exists(self.__ppmfile):
                          ^^^^^^^^^^^^^^
AttributeError: 'PdfMediaObject' object has no attribute '_TiledMediaObject__ppmfile'. Did you mean: '_TiledMediaObject__tmpfile'?
Traceback (most recent call last):
  File "/home/asd/Projects/zooui/zooui/objects/scene/qzui.py", line 229, in paintEvent
    errors = self.scene.render(painter, self.__draft)  #
             ^^^^^^^^^^^^^^^^^^^^^^^^^^^^^^^^^^^^^^^^
  File "/home/asd/Projects/zooui/zooui/objects/scene/scene.py", line 1071, in render
    mediaobject.render(painter, mode)
  File "/home/asd/Projects/zooui/zooui/objects/mediaobjects/pdfmediaobject.py", line 162, in render
    super().render(painter, mode)
  File "/home/asd/Projects/zooui/zooui/objects/mediaobjects/tiledmediaobject.py", line 814, in render
    self.__run_tiler()
  File "/home/asd/Projects/zooui/zooui/objects/mediaobjects/tiledmediaobject.py", line 737, in __run_tiler
    if not os.path.exists(self.__ppmfile):
                          ^^^^^^^^^^^^^^
AttributeError: 'PdfMediaObject' object has no attribute '_TiledMediaObject__ppmfile'. Did you mean: '_TiledMediaObject__tmpfile'?
Traceback (most recent call last):
  File "/home/asd/Projects/zooui/zooui/objects/scene/qzui.py", line 229, in paintEvent
    errors = self.scene.render(painter, self.__draft)  #
             ^^^^^^^^^^^^^^^^^^^^^^^^^^^^^^^^^^^^^^^^
  File "/home/asd/Projects/zooui/zooui/objects/scene/scene.py", line 1071, in render
    mediaobject.render(painter, mode)
  File "/home/asd/Projects/zooui/zooui/objects/mediaobjects/pdfmediaobject.py", line 162, in render
    super().render(painter, mode)
  File "/home/asd/Projects/zooui/zooui/objects/mediaobjects/tiledmediaobject.py", line 814, in render
    self.__run_tiler()
  File "/home/asd/Projects/zooui/zooui/objects/mediaobjects/tiledmediaobject.py", line 737, in __run_tiler
    if not os.path.exists(self.__ppmfile):
                          ^^^^^^^^^^^^^^
AttributeError: 'PdfMediaObject' object has no attribute '_TiledMediaObject__ppmfile'. Did you mean: '_TiledMediaObject__tmpfile'?
Traceback (most recent call last):
  File "/home/asd/Projects/zooui/zooui/objects/scene/qzui.py", line 229, in paintEvent
    errors = self.scene.render(painter, self.__draft)  #
             ^^^^^^^^^^^^^^^^^^^^^^^^^^^^^^^^^^^^^^^^
  File "/home/asd/Projects/zooui/zooui/objects/scene/scene.py", line 1071, in render
    mediaobject.render(painter, mode)
  File "/home/asd/Projects/zooui/zooui/objects/mediaobjects/pdfmediaobject.py", line 162, in render
    super().render(painter, mode)
  File "/home/asd/Projects/zooui/zooui/objects/mediaobjects/tiledmediaobject.py", line 814, in render
    self.__run_tiler()
  File "/home/asd/Projects/zooui/zooui/objects/mediaobjects/tiledmediaobject.py", line 737, in __run_tiler
    if not os.path.exists(self.__ppmfile):
                          ^^^^^^^^^^^^^^
AttributeError: 'PdfMediaObject' object has no attribute '_TiledMediaObject__ppmfile'. Did you mean: '_TiledMediaObject__tmpfile'?
Traceback (most recent call last):
  File "/home/asd/Projects/zooui/zooui/objects/scene/qzui.py", line 229, in paintEvent
    errors = self.scene.render(painter, self.__draft)  #
             ^^^^^^^^^^^^^^^^^^^^^^^^^^^^^^^^^^^^^^^^
  File "/home/asd/Projects/zooui/zooui/objects/scene/scene.py", line 1071, in render
    mediaobject.render(painter, mode)
  File "/home/asd/Projects/zooui/zooui/objects/mediaobjects/pdfmediaobject.py", line 162, in render
    super().render(painter, mode)
  File "/home/asd/Projects/zooui/zooui/objects/mediaobjects/tiledmediaobject.py", line 814, in render
    self.__run_tiler()
  File "/home/asd/Projects/zooui/zooui/objects/mediaobjects/tiledmediaobject.py", line 737, in __run_tiler
    if not os.path.exists(self.__ppmfile):
                          ^^^^^^^^^^^^^^
AttributeError: 'PdfMediaObject' object has no attribute '_TiledMediaObject__ppmfile'. Did you mean: '_TiledMediaObject__tmpfile'?
Traceback (most recent call last):
  File "/home/asd/Projects/zooui/zooui/objects/scene/qzui.py", line 229, in paintEvent
    errors = self.scene.render(painter, self.__draft)  #
             ^^^^^^^^^^^^^^^^^^^^^^^^^^^^^^^^^^^^^^^^
  File "/home/asd/Projects/zooui/zooui/objects/scene/scene.py", line 1071, in render
    mediaobject.render(painter, mode)
  File "/home/asd/Projects/zooui/zooui/objects/mediaobjects/pdfmediaobject.py", line 162, in render
    super().render(painter, mode)
  File "/home/asd/Projects/zooui/zooui/objects/mediaobjects/tiledmediaobject.py", line 814, in render
    self.__run_tiler()
  File "/home/asd/Projects/zooui/zooui/objects/mediaobjects/tiledmediaobject.py", line 737, in __run_tiler
    if not os.path.exists(self.__ppmfile):
                          ^^^^^^^^^^^^^^
AttributeError: 'PdfMediaObject' object has no attribute '_TiledMediaObject__ppmfile'. Did you mean: '_TiledMediaObject__tmpfile'?
Traceback (most recent call last):
  File "/home/asd/Projects/zooui/zooui/objects/scene/qzui.py", line 229, in paintEvent
    errors = self.scene.render(painter, self.__draft)  #
             ^^^^^^^^^^^^^^^^^^^^^^^^^^^^^^^^^^^^^^^^
  File "/home/asd/Projects/zooui/zooui/objects/scene/scene.py", line 1071, in render
    mediaobject.render(painter, mode)
  File "/home/asd/Projects/zooui/zooui/objects/mediaobjects/pdfmediaobject.py", line 162, in render
    super().render(painter, mode)
  File "/home/asd/Projects/zooui/zooui/objects/mediaobjects/tiledmediaobject.py", line 814, in render
    self.__run_tiler()
  File "/home/asd/Projects/zooui/zooui/objects/mediaobjects/tiledmediaobject.py", line 737, in __run_tiler
    if not os.path.exists(self.__ppmfile):
                          ^^^^^^^^^^^^^^
AttributeError: 'PdfMediaObject' object has no attribute '_TiledMediaObject__ppmfile'. Did you mean: '_TiledMediaObject__tmpfile'?
Traceback (most recent call last):
  File "/home/asd/Projects/zooui/zooui/objects/scene/qzui.py", line 229, in paintEvent
    errors = self.scene.render(painter, self.__draft)  #
             ^^^^^^^^^^^^^^^^^^^^^^^^^^^^^^^^^^^^^^^^
  File "/home/asd/Projects/zooui/zooui/objects/scene/scene.py", line 1071, in render
    mediaobject.render(painter, mode)
  File "/home/asd/Projects/zooui/zooui/objects/mediaobjects/pdfmediaobject.py", line 162, in render
    super().render(painter, mode)
  File "/home/asd/Projects/zooui/zooui/objects/mediaobjects/tiledmediaobject.py", line 814, in render
    self.__run_tiler()
  File "/home/asd/Projects/zooui/zooui/objects/mediaobjects/tiledmediaobject.py", line 737, in __run_tiler
    if not os.path.exists(self.__ppmfile):
                          ^^^^^^^^^^^^^^
AttributeError: 'PdfMediaObject' object has no attribute '_TiledMediaObject__ppmfile'. Did you mean: '_TiledMediaObject__tmpfile'?
QImage::scaled: Image is a null image
QImage::scaled: Image is a null image
QImage::scaled: Image is a null image
QImage::scaled: Image is a null image
QImage::scaled: Image is a null image
QImage::scaled: Image is a null image
QImage::scaled: Image is a null image
QImage::scaled: Image is a null image
QImage::scaled: Image is a null image
QImage::scaled: Image is a null image
QImage::scaled: Image is a null image
QImage::scaled: Image is a null image
QImage::scaled: Image is a null image
QImage::scaled: Image is a null image
QImage::scaled: Image is a null image
QImage::scaled: Image is a null image
QImage::scaled: Image is a null image
QImage::scaled: Image is a null image
QImage::scaled: Image is a null image
QImage::scaled: Image is a null image
QImage::scaled: Image is a null image
QImage::scaled: Image is a null image
QImage::scaled: Image is a null image
QImage::scaled: Image is a null image
QImage::scaled: Image is a null image
QImage::scaled: Image is a null image
QImage::scaled: Image is a null image
QImage::scaled: Image is a null image
QImage::scaled: Image is a null image
QImage::scaled: Image is a null image
QImage::scaled: Image is a null image
QImage::scaled: Image is a null image
QImage::scaled: Image is a null image
QImage::scaled: Image is a null image
QImage::scaled: Image is a null image
QImage::scaled: Image is a null image
Traceback (most recent call last):
  File "/home/asd/Projects/zooui/zooui/objects/scene/qzui.py", line 229, in paintEvent
    errors = self.scene.render(painter, self.__draft)  #
             ^^^^^^^^^^^^^^^^^^^^^^^^^^^^^^^^^^^^^^^^
  File "/home/asd/Projects/zooui/zooui/objects/scene/scene.py", line 1071, in render
    mediaobject.render(painter, mode)
  File "/home/asd/Projects/zooui/zooui/objects/mediaobjects/pdfmediaobject.py", line 162, in render
    super().render(painter, mode)
  File "/home/asd/Projects/zooui/zooui/objects/mediaobjects/tiledmediaobject.py", line 814, in render
    self.__run_tiler()
  File "/home/asd/Projects/zooui/zooui/objects/mediaobjects/tiledmediaobject.py", line 737, in __run_tiler
    if not os.path.exists(self.__ppmfile):
                          ^^^^^^^^^^^^^^
AttributeError: 'PdfMediaObject' object has no attribute '_TiledMediaObject__ppmfile'. Did you mean: '_TiledMediaObject__tmpfile'?
Traceback (most recent call last):
  File "/home/asd/Projects/zooui/zooui/objects/scene/qzui.py", line 297, in timerEvent
    self.repaint()
  File "/home/asd/Projects/zooui/zooui/objects/scene/qzui.py", line 229, in paintEvent
    errors = self.scene.render(painter, self.__draft)  #
             ^^^^^^^^^^^^^^^^^^^^^^^^^^^^^^^^^^^^^^^^
  File "/home/asd/Projects/zooui/zooui/objects/scene/scene.py", line 1071, in render
    mediaobject.render(painter, mode)
  File "/home/asd/Projects/zooui/zooui/objects/mediaobjects/pdfmediaobject.py", line 162, in render
    super().render(painter, mode)
  File "/home/asd/Projects/zooui/zooui/objects/mediaobjects/tiledmediaobject.py", line 814, in render
    self.__run_tiler()
  File "/home/asd/Projects/zooui/zooui/objects/mediaobjects/tiledmediaobject.py", line 737, in __run_tiler
    if not os.path.exists(self.__ppmfile):
                          ^^^^^^^^^^^^^^
AttributeError: 'PdfMediaObject' object has no attribute '_TiledMediaObject__ppmfile'. Did you mean: '_TiledMediaObject__tmpfile'?
Traceback (most recent call last):
  File "/home/asd/Projects/zooui/zooui/objects/scene/qzui.py", line 297, in timerEvent
    self.repaint()
  File "/home/asd/Projects/zooui/zooui/objects/scene/qzui.py", line 229, in paintEvent
    errors = self.scene.render(painter, self.__draft)  #
             ^^^^^^^^^^^^^^^^^^^^^^^^^^^^^^^^^^^^^^^^
  File "/home/asd/Projects/zooui/zooui/objects/scene/scene.py", line 1071, in render
    mediaobject.render(painter, mode)
  File "/home/asd/Projects/zooui/zooui/objects/mediaobjects/pdfmediaobject.py", line 162, in render
    super().render(painter, mode)
  File "/home/asd/Projects/zooui/zooui/objects/mediaobjects/tiledmediaobject.py", line 814, in render
    self.__run_tiler()
  File "/home/asd/Projects/zooui/zooui/objects/mediaobjects/tiledmediaobject.py", line 737, in __run_tiler
    if not os.path.exists(self.__ppmfile):
                          ^^^^^^^^^^^^^^
AttributeError: 'PdfMediaObject' object has no attribute '_TiledMediaObject__ppmfile'. Did you mean: '_TiledMediaObject__tmpfile'?
Traceback (most recent call last):
  File "/home/asd/Projects/zooui/zooui/objects/scene/qzui.py", line 297, in timerEvent
    self.repaint()
  File "/home/asd/Projects/zooui/zooui/objects/scene/qzui.py", line 229, in paintEvent
    errors = self.scene.render(painter, self.__draft)  #
             ^^^^^^^^^^^^^^^^^^^^^^^^^^^^^^^^^^^^^^^^
  File "/home/asd/Projects/zooui/zooui/objects/scene/scene.py", line 1071, in render
    mediaobject.render(painter, mode)
  File "/home/asd/Projects/zooui/zooui/objects/mediaobjects/pdfmediaobject.py", line 162, in render
    super().render(painter, mode)
  File "/home/asd/Projects/zooui/zooui/objects/mediaobjects/tiledmediaobject.py", line 814, in render
    self.__run_tiler()
  File "/home/asd/Projects/zooui/zooui/objects/mediaobjects/tiledmediaobject.py", line 737, in __run_tiler
    if not os.path.exists(self.__ppmfile):
                          ^^^^^^^^^^^^^^
AttributeError: 'PdfMediaObject' object has no attribute '_TiledMediaObject__ppmfile'. Did you mean: '_TiledMediaObject__tmpfile'?
Traceback (most recent call last):
  File "/home/asd/Projects/zooui/zooui/objects/scene/qzui.py", line 229, in paintEvent
    errors = self.scene.render(painter, self.__draft)  #
             ^^^^^^^^^^^^^^^^^^^^^^^^^^^^^^^^^^^^^^^^
  File "/home/asd/Projects/zooui/zooui/objects/scene/scene.py", line 1071, in render
    mediaobject.render(painter, mode)
  File "/home/asd/Projects/zooui/zooui/objects/mediaobjects/pdfmediaobject.py", line 162, in render
    super().render(painter, mode)
  File "/home/asd/Projects/zooui/zooui/objects/mediaobjects/tiledmediaobject.py", line 815, in render
    self.__run_tiler()
  File "/home/asd/Projects/zooui/zooui/objects/mediaobjects/tiledmediaobject.py", line 738, in __run_tiler
    if not os.path.exists(self.__ppmfile):
                          ^^^^^^^^^^^^^^
AttributeError: 'PdfMediaObject' object has no attribute '_TiledMediaObject__ppmfile'. Did you mean: '_TiledMediaObject__tmpfile'?
Traceback (most recent call last):
  File "/home/asd/Projects/zooui/zooui/objects/scene/qzui.py", line 297, in timerEvent
    self.repaint()
  File "/home/asd/Projects/zooui/zooui/objects/scene/qzui.py", line 229, in paintEvent
    errors = self.scene.render(painter, self.__draft)  #
             ^^^^^^^^^^^^^^^^^^^^^^^^^^^^^^^^^^^^^^^^
  File "/home/asd/Projects/zooui/zooui/objects/scene/scene.py", line 1071, in render
    mediaobject.render(painter, mode)
  File "/home/asd/Projects/zooui/zooui/objects/mediaobjects/pdfmediaobject.py", line 162, in render
    super().render(painter, mode)
  File "/home/asd/Projects/zooui/zooui/objects/mediaobjects/tiledmediaobject.py", line 815, in render
    self.__run_tiler()
  File "/home/asd/Projects/zooui/zooui/objects/mediaobjects/tiledmediaobject.py", line 738, in __run_tiler
    if not os.path.exists(self.__ppmfile):
                          ^^^^^^^^^^^^^^
AttributeError: 'PdfMediaObject' object has no attribute '_TiledMediaObject__ppmfile'. Did you mean: '_TiledMediaObject__tmpfile'?
Traceback (most recent call last):
  File "/home/asd/Projects/zooui/zooui/objects/scene/qzui.py", line 297, in timerEvent
    self.repaint()
  File "/home/asd/Projects/zooui/zooui/objects/scene/qzui.py", line 229, in paintEvent
    errors = self.scene.render(painter, self.__draft)  #
             ^^^^^^^^^^^^^^^^^^^^^^^^^^^^^^^^^^^^^^^^
  File "/home/asd/Projects/zooui/zooui/objects/scene/scene.py", line 1071, in render
    mediaobject.render(painter, mode)
  File "/home/asd/Projects/zooui/zooui/objects/mediaobjects/pdfmediaobject.py", line 162, in render
    super().render(painter, mode)
  File "/home/asd/Projects/zooui/zooui/objects/mediaobjects/tiledmediaobject.py", line 815, in render
    self.__run_tiler()
  File "/home/asd/Projects/zooui/zooui/objects/mediaobjects/tiledmediaobject.py", line 738, in __run_tiler
    if not os.path.exists(self.__ppmfile):
                          ^^^^^^^^^^^^^^
AttributeError: 'PdfMediaObject' object has no attribute '_TiledMediaObject__ppmfile'. Did you mean: '_TiledMediaObject__tmpfile'?
Traceback (most recent call last):
  File "/home/asd/Projects/zooui/zooui/objects/scene/qzui.py", line 297, in timerEvent
    self.repaint()
  File "/home/asd/Projects/zooui/zooui/objects/scene/qzui.py", line 229, in paintEvent
    errors = self.scene.render(painter, self.__draft)  #
             ^^^^^^^^^^^^^^^^^^^^^^^^^^^^^^^^^^^^^^^^
  File "/home/asd/Projects/zooui/zooui/objects/scene/scene.py", line 1071, in render
    mediaobject.render(painter, mode)
  File "/home/asd/Projects/zooui/zooui/objects/mediaobjects/pdfmediaobject.py", line 162, in render
    super().render(painter, mode)
  File "/home/asd/Projects/zooui/zooui/objects/mediaobjects/tiledmediaobject.py", line 815, in render
    self.__run_tiler()
  File "/home/asd/Projects/zooui/zooui/objects/mediaobjects/tiledmediaobject.py", line 738, in __run_tiler
    if not os.path.exists(self.__ppmfile):
                          ^^^^^^^^^^^^^^
AttributeError: 'PdfMediaObject' object has no attribute '_TiledMediaObject__ppmfile'. Did you mean: '_TiledMediaObject__tmpfile'?
Traceback (most recent call last):
  File "/home/asd/Projects/zooui/zooui/objects/scene/qzui.py", line 229, in paintEvent
    errors = self.scene.render(painter, self.__draft)  #
             ^^^^^^^^^^^^^^^^^^^^^^^^^^^^^^^^^^^^^^^^
  File "/home/asd/Projects/zooui/zooui/objects/scene/scene.py", line 1071, in render
    mediaobject.render(painter, mode)
  File "/home/asd/Projects/zooui/zooui/objects/mediaobjects/pdfmediaobject.py", line 179, in render
    super().render(painter, mode)
  File "/home/asd/Projects/zooui/zooui/objects/mediaobjects/tiledmediaobject.py", line 815, in render
    self.__run_tiler()
  File "/home/asd/Projects/zooui/zooui/objects/mediaobjects/tiledmediaobject.py", line 738, in __run_tiler
    if not os.path.exists(self.__ppmfile):
                          ^^^^^^^^^^^^^^
AttributeError: 'PdfMediaObject' object has no attribute '_TiledMediaObject__ppmfile'. Did you mean: '_TiledMediaObject__tmpfile'?
Traceback (most recent call last):
  File "/home/asd/Projects/zooui/zooui/objects/scene/qzui.py", line 297, in timerEvent
    self.repaint()
  File "/home/asd/Projects/zooui/zooui/objects/scene/qzui.py", line 229, in paintEvent
    errors = self.scene.render(painter, self.__draft)  #
             ^^^^^^^^^^^^^^^^^^^^^^^^^^^^^^^^^^^^^^^^
  File "/home/asd/Projects/zooui/zooui/objects/scene/scene.py", line 1071, in render
    mediaobject.render(painter, mode)
  File "/home/asd/Projects/zooui/zooui/objects/mediaobjects/pdfmediaobject.py", line 179, in render
    super().render(painter, mode)
  File "/home/asd/Projects/zooui/zooui/objects/mediaobjects/tiledmediaobject.py", line 815, in render
    self.__run_tiler()
  File "/home/asd/Projects/zooui/zooui/objects/mediaobjects/tiledmediaobject.py", line 738, in __run_tiler
    if not os.path.exists(self.__ppmfile):
                          ^^^^^^^^^^^^^^
AttributeError: 'PdfMediaObject' object has no attribute '_TiledMediaObject__ppmfile'. Did you mean: '_TiledMediaObject__tmpfile'?
Traceback (most recent call last):
  File "/home/asd/Projects/zooui/zooui/objects/scene/qzui.py", line 297, in timerEvent
    self.repaint()
  File "/home/asd/Projects/zooui/zooui/objects/scene/qzui.py", line 229, in paintEvent
    errors = self.scene.render(painter, self.__draft)  #
             ^^^^^^^^^^^^^^^^^^^^^^^^^^^^^^^^^^^^^^^^
  File "/home/asd/Projects/zooui/zooui/objects/scene/scene.py", line 1071, in render
    mediaobject.render(painter, mode)
  File "/home/asd/Projects/zooui/zooui/objects/mediaobjects/pdfmediaobject.py", line 179, in render
    super().render(painter, mode)
  File "/home/asd/Projects/zooui/zooui/objects/mediaobjects/tiledmediaobject.py", line 815, in render
    self.__run_tiler()
  File "/home/asd/Projects/zooui/zooui/objects/mediaobjects/tiledmediaobject.py", line 738, in __run_tiler
    if not os.path.exists(self.__ppmfile):
                          ^^^^^^^^^^^^^^
AttributeError: 'PdfMediaObject' object has no attribute '_TiledMediaObject__ppmfile'. Did you mean: '_TiledMediaObject__tmpfile'?
Traceback (most recent call last):
  File "/home/asd/Projects/zooui/zooui/objects/scene/qzui.py", line 297, in timerEvent
    self.repaint()
  File "/home/asd/Projects/zooui/zooui/objects/scene/qzui.py", line 229, in paintEvent
    errors = self.scene.render(painter, self.__draft)  #
             ^^^^^^^^^^^^^^^^^^^^^^^^^^^^^^^^^^^^^^^^
  File "/home/asd/Projects/zooui/zooui/objects/scene/scene.py", line 1071, in render
    mediaobject.render(painter, mode)
  File "/home/asd/Projects/zooui/zooui/objects/mediaobjects/pdfmediaobject.py", line 179, in render
    super().render(painter, mode)
  File "/home/asd/Projects/zooui/zooui/objects/mediaobjects/tiledmediaobject.py", line 815, in render
    self.__run_tiler()
  File "/home/asd/Projects/zooui/zooui/objects/mediaobjects/tiledmediaobject.py", line 738, in __run_tiler
    if not os.path.exists(self.__ppmfile):
                          ^^^^^^^^^^^^^^
AttributeError: 'PdfMediaObject' object has no attribute '_TiledMediaObject__ppmfile'. Did you mean: '_TiledMediaObject__tmpfile'?
Traceback (most recent call last):
  File "/home/asd/Projects/zooui/zooui/objects/scene/qzui.py", line 297, in timerEvent
    self.repaint()
  File "/home/asd/Projects/zooui/zooui/objects/scene/qzui.py", line 229, in paintEvent
    errors = self.scene.render(painter, self.__draft)  #
             ^^^^^^^^^^^^^^^^^^^^^^^^^^^^^^^^^^^^^^^^
  File "/home/asd/Projects/zooui/zooui/objects/scene/scene.py", line 1071, in render
    mediaobject.render(painter, mode)
  File "/home/asd/Projects/zooui/zooui/objects/mediaobjects/pdfmediaobject.py", line 179, in render
    super().render(painter, mode)
  File "/home/asd/Projects/zooui/zooui/objects/mediaobjects/tiledmediaobject.py", line 815, in render
    self.__run_tiler()
  File "/home/asd/Projects/zooui/zooui/objects/mediaobjects/tiledmediaobject.py", line 738, in __run_tiler
    if not os.path.exists(self.__ppmfile):
                          ^^^^^^^^^^^^^^
AttributeError: 'PdfMediaObject' object has no attribute '_TiledMediaObject__ppmfile'. Did you mean: '_TiledMediaObject__tmpfile'?
Traceback (most recent call last):
  File "/home/asd/Projects/zooui/zooui/objects/scene/qzui.py", line 297, in timerEvent
    self.repaint()
  File "/home/asd/Projects/zooui/zooui/objects/scene/qzui.py", line 229, in paintEvent
    errors = self.scene.render(painter, self.__draft)  #
             ^^^^^^^^^^^^^^^^^^^^^^^^^^^^^^^^^^^^^^^^
  File "/home/asd/Projects/zooui/zooui/objects/scene/scene.py", line 1071, in render
    mediaobject.render(painter, mode)
  File "/home/asd/Projects/zooui/zooui/objects/mediaobjects/pdfmediaobject.py", line 179, in render
    super().render(painter, mode)
  File "/home/asd/Projects/zooui/zooui/objects/mediaobjects/tiledmediaobject.py", line 815, in render
    self.__run_tiler()
  File "/home/asd/Projects/zooui/zooui/objects/mediaobjects/tiledmediaobject.py", line 738, in __run_tiler
    if not os.path.exists(self.__ppmfile):
                          ^^^^^^^^^^^^^^
AttributeError: 'PdfMediaObject' object has no attribute '_TiledMediaObject__ppmfile'. Did you mean: '_TiledMediaObject__tmpfile'?
Traceback (most recent call last):
  File "/home/asd/Projects/zooui/zooui/objects/scene/qzui.py", line 297, in timerEvent
    self.repaint()
  File "/home/asd/Projects/zooui/zooui/objects/scene/qzui.py", line 229, in paintEvent
    errors = self.scene.render(painter, self.__draft)  #
             ^^^^^^^^^^^^^^^^^^^^^^^^^^^^^^^^^^^^^^^^
  File "/home/asd/Projects/zooui/zooui/objects/scene/scene.py", line 1071, in render
    mediaobject.render(painter, mode)
  File "/home/asd/Projects/zooui/zooui/objects/mediaobjects/pdfmediaobject.py", line 179, in render
    super().render(painter, mode)
  File "/home/asd/Projects/zooui/zooui/objects/mediaobjects/tiledmediaobject.py", line 815, in render
    self.__run_tiler()
  File "/home/asd/Projects/zooui/zooui/objects/mediaobjects/tiledmediaobject.py", line 738, in __run_tiler
    if not os.path.exists(self.__ppmfile):
                          ^^^^^^^^^^^^^^
AttributeError: 'PdfMediaObject' object has no attribute '_TiledMediaObject__ppmfile'. Did you mean: '_TiledMediaObject__tmpfile'?
Traceback (most recent call last):
  File "/home/asd/Projects/zooui/zooui/objects/scene/qzui.py", line 297, in timerEvent
    self.repaint()
  File "/home/asd/Projects/zooui/zooui/objects/scene/qzui.py", line 229, in paintEvent
    errors = self.scene.render(painter, self.__draft)  #
             ^^^^^^^^^^^^^^^^^^^^^^^^^^^^^^^^^^^^^^^^
  File "/home/asd/Projects/zooui/zooui/objects/scene/scene.py", line 1071, in render
    mediaobject.render(painter, mode)
  File "/home/asd/Projects/zooui/zooui/objects/mediaobjects/pdfmediaobject.py", line 179, in render
    super().render(painter, mode)
  File "/home/asd/Projects/zooui/zooui/objects/mediaobjects/tiledmediaobject.py", line 815, in render
    self.__run_tiler()
  File "/home/asd/Projects/zooui/zooui/objects/mediaobjects/tiledmediaobject.py", line 738, in __run_tiler
    if not os.path.exists(self.__ppmfile):
                          ^^^^^^^^^^^^^^
AttributeError: 'PdfMediaObject' object has no attribute '_TiledMediaObject__ppmfile'. Did you mean: '_TiledMediaObject__tmpfile'?
Traceback (most recent call last):
  File "/home/asd/Projects/zooui/zooui/objects/scene/qzui.py", line 297, in timerEvent
    self.repaint()
  File "/home/asd/Projects/zooui/zooui/objects/scene/qzui.py", line 229, in paintEvent
    errors = self.scene.render(painter, self.__draft)  #
             ^^^^^^^^^^^^^^^^^^^^^^^^^^^^^^^^^^^^^^^^
  File "/home/asd/Projects/zooui/zooui/objects/scene/scene.py", line 1071, in render
    mediaobject.render(painter, mode)
  File "/home/asd/Projects/zooui/zooui/objects/mediaobjects/pdfmediaobject.py", line 179, in render
    super().render(painter, mode)
  File "/home/asd/Projects/zooui/zooui/objects/mediaobjects/tiledmediaobject.py", line 815, in render
    self.__run_tiler()
  File "/home/asd/Projects/zooui/zooui/objects/mediaobjects/tiledmediaobject.py", line 738, in __run_tiler
    if not os.path.exists(self.__ppmfile):
                          ^^^^^^^^^^^^^^
AttributeError: 'PdfMediaObject' object has no attribute '_TiledMediaObject__ppmfile'. Did you mean: '_TiledMediaObject__tmpfile'?
Traceback (most recent call last):
  File "/home/asd/Projects/zooui/zooui/objects/scene/qzui.py", line 297, in timerEvent
    self.repaint()
  File "/home/asd/Projects/zooui/zooui/objects/scene/qzui.py", line 229, in paintEvent
    errors = self.scene.render(painter, self.__draft)  #
             ^^^^^^^^^^^^^^^^^^^^^^^^^^^^^^^^^^^^^^^^
  File "/home/asd/Projects/zooui/zooui/objects/scene/scene.py", line 1071, in render
    mediaobject.render(painter, mode)
  File "/home/asd/Projects/zooui/zooui/objects/mediaobjects/pdfmediaobject.py", line 179, in render
    super().render(painter, mode)
  File "/home/asd/Projects/zooui/zooui/objects/mediaobjects/tiledmediaobject.py", line 815, in render
    self.__run_tiler()
  File "/home/asd/Projects/zooui/zooui/objects/mediaobjects/tiledmediaobject.py", line 738, in __run_tiler
    if not os.path.exists(self.__ppmfile):
                          ^^^^^^^^^^^^^^
AttributeError: 'PdfMediaObject' object has no attribute '_TiledMediaObject__ppmfile'. Did you mean: '_TiledMediaObject__tmpfile'?
Traceback (most recent call last):
  File "/home/asd/Projects/zooui/zooui/objects/scene/qzui.py", line 297, in timerEvent
    self.repaint()
  File "/home/asd/Projects/zooui/zooui/objects/scene/qzui.py", line 229, in paintEvent
    errors = self.scene.render(painter, self.__draft)  #
             ^^^^^^^^^^^^^^^^^^^^^^^^^^^^^^^^^^^^^^^^
  File "/home/asd/Projects/zooui/zooui/objects/scene/scene.py", line 1071, in render
    mediaobject.render(painter, mode)
  File "/home/asd/Projects/zooui/zooui/objects/mediaobjects/pdfmediaobject.py", line 179, in render
    super().render(painter, mode)
  File "/home/asd/Projects/zooui/zooui/objects/mediaobjects/tiledmediaobject.py", line 815, in render
    self.__run_tiler()
  File "/home/asd/Projects/zooui/zooui/objects/mediaobjects/tiledmediaobject.py", line 738, in __run_tiler
    if not os.path.exists(self.__ppmfile):
                          ^^^^^^^^^^^^^^
AttributeError: 'PdfMediaObject' object has no attribute '_TiledMediaObject__ppmfile'. Did you mean: '_TiledMediaObject__tmpfile'?
Traceback (most recent call last):
  File "/home/asd/Projects/zooui/zooui/objects/scene/qzui.py", line 297, in timerEvent
    self.repaint()
  File "/home/asd/Projects/zooui/zooui/objects/scene/qzui.py", line 229, in paintEvent
    errors = self.scene.render(painter, self.__draft)  #
             ^^^^^^^^^^^^^^^^^^^^^^^^^^^^^^^^^^^^^^^^
  File "/home/asd/Projects/zooui/zooui/objects/scene/scene.py", line 1071, in render
    mediaobject.render(painter, mode)
  File "/home/asd/Projects/zooui/zooui/objects/mediaobjects/pdfmediaobject.py", line 179, in render
    super().render(painter, mode)
  File "/home/asd/Projects/zooui/zooui/objects/mediaobjects/tiledmediaobject.py", line 815, in render
    self.__run_tiler()
  File "/home/asd/Projects/zooui/zooui/objects/mediaobjects/tiledmediaobject.py", line 738, in __run_tiler
    if not os.path.exists(self.__ppmfile):
                          ^^^^^^^^^^^^^^
AttributeError: 'PdfMediaObject' object has no attribute '_TiledMediaObject__ppmfile'. Did you mean: '_TiledMediaObject__tmpfile'?
TypeError: MainWindow.__show_error() missing 1 required positional argument: 'details'
TypeError: MainWindow.__show_error() missing 1 required positional argument: 'details'
TypeError: MainWindow.__show_error() missing 1 required positional argument: 'details'
Traceback (most recent call last):
  File "/home/asd/Projects/zooui/zooui/objects/scene/qzui.py", line 229, in paintEvent
    errors = self.scene.render(painter, self.__draft)  #
             ^^^^^^^^^^^^^^^^^^^^^^^^^^^^^^^^^^^^^^^^
  File "/home/asd/Projects/zooui/zooui/objects/scene/scene.py", line 1071, in render
    mediaobject.render(painter, mode)
  File "/home/asd/Projects/zooui/zooui/objects/mediaobjects/pdfmediaobject.py", line 179, in render
    super().render(painter, mode)
  File "/home/asd/Projects/zooui/zooui/objects/mediaobjects/tiledmediaobject.py", line 815, in render
    self.__run_tiler()
  File "/home/asd/Projects/zooui/zooui/objects/mediaobjects/tiledmediaobject.py", line 738, in __run_tiler
    if not os.path.exists(self.__ppmfile):
                          ^^^^^^^^^^^^^^
AttributeError: 'PdfMediaObject' object has no attribute '_TiledMediaObject__ppmfile'. Did you mean: '_TiledMediaObject__tmpfile'?
Traceback (most recent call last):
  File "/home/asd/Projects/zooui/zooui/objects/scene/qzui.py", line 297, in timerEvent
    self.repaint()
  File "/home/asd/Projects/zooui/zooui/objects/scene/qzui.py", line 229, in paintEvent
    errors = self.scene.render(painter, self.__draft)  #
             ^^^^^^^^^^^^^^^^^^^^^^^^^^^^^^^^^^^^^^^^
  File "/home/asd/Projects/zooui/zooui/objects/scene/scene.py", line 1071, in render
    mediaobject.render(painter, mode)
  File "/home/asd/Projects/zooui/zooui/objects/mediaobjects/pdfmediaobject.py", line 179, in render
    super().render(painter, mode)
  File "/home/asd/Projects/zooui/zooui/objects/mediaobjects/tiledmediaobject.py", line 815, in render
    self.__run_tiler()
  File "/home/asd/Projects/zooui/zooui/objects/mediaobjects/tiledmediaobject.py", line 738, in __run_tiler
    if not os.path.exists(self.__ppmfile):
                          ^^^^^^^^^^^^^^
AttributeError: 'PdfMediaObject' object has no attribute '_TiledMediaObject__ppmfile'. Did you mean: '_TiledMediaObject__tmpfile'?
Traceback (most recent call last):
  File "/home/asd/Projects/zooui/zooui/objects/scene/qzui.py", line 297, in timerEvent
    self.repaint()
  File "/home/asd/Projects/zooui/zooui/objects/scene/qzui.py", line 229, in paintEvent
    errors = self.scene.render(painter, self.__draft)  #
             ^^^^^^^^^^^^^^^^^^^^^^^^^^^^^^^^^^^^^^^^
  File "/home/asd/Projects/zooui/zooui/objects/scene/scene.py", line 1071, in render
    mediaobject.render(painter, mode)
  File "/home/asd/Projects/zooui/zooui/objects/mediaobjects/pdfmediaobject.py", line 179, in render
    super().render(painter, mode)
  File "/home/asd/Projects/zooui/zooui/objects/mediaobjects/tiledmediaobject.py", line 815, in render
    self.__run_tiler()
  File "/home/asd/Projects/zooui/zooui/objects/mediaobjects/tiledmediaobject.py", line 738, in __run_tiler
    if not os.path.exists(self.__ppmfile):
                          ^^^^^^^^^^^^^^
AttributeError: 'PdfMediaObject' object has no attribute '_TiledMediaObject__ppmfile'. Did you mean: '_TiledMediaObject__tmpfile'?
Traceback (most recent call last):
  File "/home/asd/Projects/zooui/zooui/objects/scene/qzui.py", line 297, in timerEvent
    self.repaint()
  File "/home/asd/Projects/zooui/zooui/objects/scene/qzui.py", line 229, in paintEvent
    errors = self.scene.render(painter, self.__draft)  #
             ^^^^^^^^^^^^^^^^^^^^^^^^^^^^^^^^^^^^^^^^
  File "/home/asd/Projects/zooui/zooui/objects/scene/scene.py", line 1071, in render
    mediaobject.render(painter, mode)
  File "/home/asd/Projects/zooui/zooui/objects/mediaobjects/pdfmediaobject.py", line 179, in render
    super().render(painter, mode)
  File "/home/asd/Projects/zooui/zooui/objects/mediaobjects/tiledmediaobject.py", line 815, in render
    self.__run_tiler()
  File "/home/asd/Projects/zooui/zooui/objects/mediaobjects/tiledmediaobject.py", line 738, in __run_tiler
    if not os.path.exists(self.__ppmfile):
                          ^^^^^^^^^^^^^^
AttributeError: 'PdfMediaObject' object has no attribute '_TiledMediaObject__ppmfile'. Did you mean: '_TiledMediaObject__tmpfile'?
Traceback (most recent call last):
  File "/home/asd/Projects/zooui/zooui/objects/scene/qzui.py", line 297, in timerEvent
    self.repaint()
  File "/home/asd/Projects/zooui/zooui/objects/scene/qzui.py", line 229, in paintEvent
    errors = self.scene.render(painter, self.__draft)  #
             ^^^^^^^^^^^^^^^^^^^^^^^^^^^^^^^^^^^^^^^^
  File "/home/asd/Projects/zooui/zooui/objects/scene/scene.py", line 1071, in render
    mediaobject.render(painter, mode)
  File "/home/asd/Projects/zooui/zooui/objects/mediaobjects/pdfmediaobject.py", line 179, in render
    super().render(painter, mode)
  File "/home/asd/Projects/zooui/zooui/objects/mediaobjects/tiledmediaobject.py", line 815, in render
    self.__run_tiler()
  File "/home/asd/Projects/zooui/zooui/objects/mediaobjects/tiledmediaobject.py", line 738, in __run_tiler
    if not os.path.exists(self.__ppmfile):
                          ^^^^^^^^^^^^^^
AttributeError: 'PdfMediaObject' object has no attribute '_TiledMediaObject__ppmfile'. Did you mean: '_TiledMediaObject__tmpfile'?
Traceback (most recent call last):
  File "/home/asd/Projects/zooui/zooui/objects/scene/qzui.py", line 297, in timerEvent
    self.repaint()
  File "/home/asd/Projects/zooui/zooui/objects/scene/qzui.py", line 229, in paintEvent
    errors = self.scene.render(painter, self.__draft)  #
             ^^^^^^^^^^^^^^^^^^^^^^^^^^^^^^^^^^^^^^^^
  File "/home/asd/Projects/zooui/zooui/objects/scene/scene.py", line 1071, in render
    mediaobject.render(painter, mode)
  File "/home/asd/Projects/zooui/zooui/objects/mediaobjects/pdfmediaobject.py", line 179, in render
    super().render(painter, mode)
  File "/home/asd/Projects/zooui/zooui/objects/mediaobjects/tiledmediaobject.py", line 815, in render
    self.__run_tiler()
  File "/home/asd/Projects/zooui/zooui/objects/mediaobjects/tiledmediaobject.py", line 738, in __run_tiler
    if not os.path.exists(self.__ppmfile):
                          ^^^^^^^^^^^^^^
AttributeError: 'PdfMediaObject' object has no attribute '_TiledMediaObject__ppmfile'. Did you mean: '_TiledMediaObject__tmpfile'?
Traceback (most recent call last):
  File "/home/asd/Projects/zooui/zooui/objects/scene/qzui.py", line 297, in timerEvent
    self.repaint()
  File "/home/asd/Projects/zooui/zooui/objects/scene/qzui.py", line 229, in paintEvent
    errors = self.scene.render(painter, self.__draft)  #
             ^^^^^^^^^^^^^^^^^^^^^^^^^^^^^^^^^^^^^^^^
  File "/home/asd/Projects/zooui/zooui/objects/scene/scene.py", line 1071, in render
    mediaobject.render(painter, mode)
  File "/home/asd/Projects/zooui/zooui/objects/mediaobjects/pdfmediaobject.py", line 179, in render
    super().render(painter, mode)
  File "/home/asd/Projects/zooui/zooui/objects/mediaobjects/tiledmediaobject.py", line 815, in render
    self.__run_tiler()
  File "/home/asd/Projects/zooui/zooui/objects/mediaobjects/tiledmediaobject.py", line 738, in __run_tiler
    if not os.path.exists(self.__ppmfile):
                          ^^^^^^^^^^^^^^
AttributeError: 'PdfMediaObject' object has no attribute '_TiledMediaObject__ppmfile'. Did you mean: '_TiledMediaObject__tmpfile'?
Traceback (most recent call last):
  File "/home/asd/Projects/zooui/zooui/objects/scene/qzui.py", line 297, in timerEvent
    self.repaint()
  File "/home/asd/Projects/zooui/zooui/objects/scene/qzui.py", line 229, in paintEvent
    errors = self.scene.render(painter, self.__draft)  #
             ^^^^^^^^^^^^^^^^^^^^^^^^^^^^^^^^^^^^^^^^
  File "/home/asd/Projects/zooui/zooui/objects/scene/scene.py", line 1071, in render
    mediaobject.render(painter, mode)
  File "/home/asd/Projects/zooui/zooui/objects/mediaobjects/pdfmediaobject.py", line 179, in render
    super().render(painter, mode)
  File "/home/asd/Projects/zooui/zooui/objects/mediaobjects/tiledmediaobject.py", line 815, in render
    self.__run_tiler()
  File "/home/asd/Projects/zooui/zooui/objects/mediaobjects/tiledmediaobject.py", line 738, in __run_tiler
    if not os.path.exists(self.__ppmfile):
                          ^^^^^^^^^^^^^^
AttributeError: 'PdfMediaObject' object has no attribute '_TiledMediaObject__ppmfile'. Did you mean: '_TiledMediaObject__tmpfile'?
Traceback (most recent call last):
  File "/home/asd/Projects/zooui/zooui/objects/scene/qzui.py", line 297, in timerEvent
    self.repaint()
  File "/home/asd/Projects/zooui/zooui/objects/scene/qzui.py", line 229, in paintEvent
    errors = self.scene.render(painter, self.__draft)  #
             ^^^^^^^^^^^^^^^^^^^^^^^^^^^^^^^^^^^^^^^^
  File "/home/asd/Projects/zooui/zooui/objects/scene/scene.py", line 1071, in render
    mediaobject.render(painter, mode)
  File "/home/asd/Projects/zooui/zooui/objects/mediaobjects/pdfmediaobject.py", line 179, in render
    super().render(painter, mode)
  File "/home/asd/Projects/zooui/zooui/objects/mediaobjects/tiledmediaobject.py", line 815, in render
    self.__run_tiler()
  File "/home/asd/Projects/zooui/zooui/objects/mediaobjects/tiledmediaobject.py", line 738, in __run_tiler
    if not os.path.exists(self.__ppmfile):
                          ^^^^^^^^^^^^^^
AttributeError: 'PdfMediaObject' object has no attribute '_TiledMediaObject__ppmfile'. Did you mean: '_TiledMediaObject__tmpfile'?
Traceback (most recent call last):
  File "/home/asd/Projects/zooui/zooui/objects/scene/qzui.py", line 297, in timerEvent
    self.repaint()
  File "/home/asd/Projects/zooui/zooui/objects/scene/qzui.py", line 229, in paintEvent
    errors = self.scene.render(painter, self.__draft)  #
             ^^^^^^^^^^^^^^^^^^^^^^^^^^^^^^^^^^^^^^^^
  File "/home/asd/Projects/zooui/zooui/objects/scene/scene.py", line 1071, in render
    mediaobject.render(painter, mode)
  File "/home/asd/Projects/zooui/zooui/objects/mediaobjects/pdfmediaobject.py", line 179, in render
    super().render(painter, mode)
  File "/home/asd/Projects/zooui/zooui/objects/mediaobjects/tiledmediaobject.py", line 815, in render
    self.__run_tiler()
  File "/home/asd/Projects/zooui/zooui/objects/mediaobjects/tiledmediaobject.py", line 738, in __run_tiler
    if not os.path.exists(self.__ppmfile):
                          ^^^^^^^^^^^^^^
AttributeError: 'PdfMediaObject' object has no attribute '_TiledMediaObject__ppmfile'. Did you mean: '_TiledMediaObject__tmpfile'?
Traceback (most recent call last):
  File "/home/asd/Projects/zooui/zooui/objects/scene/qzui.py", line 297, in timerEvent
    self.repaint()
  File "/home/asd/Projects/zooui/zooui/objects/scene/qzui.py", line 229, in paintEvent
    errors = self.scene.render(painter, self.__draft)  #
             ^^^^^^^^^^^^^^^^^^^^^^^^^^^^^^^^^^^^^^^^
  File "/home/asd/Projects/zooui/zooui/objects/scene/scene.py", line 1071, in render
    mediaobject.render(painter, mode)
  File "/home/asd/Projects/zooui/zooui/objects/mediaobjects/pdfmediaobject.py", line 179, in render
    super().render(painter, mode)
  File "/home/asd/Projects/zooui/zooui/objects/mediaobjects/tiledmediaobject.py", line 815, in render
    self.__run_tiler()
  File "/home/asd/Projects/zooui/zooui/objects/mediaobjects/tiledmediaobject.py", line 738, in __run_tiler
    if not os.path.exists(self.__ppmfile):
                          ^^^^^^^^^^^^^^
AttributeError: 'PdfMediaObject' object has no attribute '_TiledMediaObject__ppmfile'. Did you mean: '_TiledMediaObject__tmpfile'?
Traceback (most recent call last):
  File "/home/asd/Projects/zooui/zooui/objects/scene/qzui.py", line 297, in timerEvent
    self.repaint()
  File "/home/asd/Projects/zooui/zooui/objects/scene/qzui.py", line 229, in paintEvent
    errors = self.scene.render(painter, self.__draft)  #
             ^^^^^^^^^^^^^^^^^^^^^^^^^^^^^^^^^^^^^^^^
  File "/home/asd/Projects/zooui/zooui/objects/scene/scene.py", line 1071, in render
    mediaobject.render(painter, mode)
  File "/home/asd/Projects/zooui/zooui/objects/mediaobjects/pdfmediaobject.py", line 179, in render
    super().render(painter, mode)
  File "/home/asd/Projects/zooui/zooui/objects/mediaobjects/tiledmediaobject.py", line 815, in render
    self.__run_tiler()
  File "/home/asd/Projects/zooui/zooui/objects/mediaobjects/tiledmediaobject.py", line 738, in __run_tiler
    if not os.path.exists(self.__ppmfile):
                          ^^^^^^^^^^^^^^
AttributeError: 'PdfMediaObject' object has no attribute '_TiledMediaObject__ppmfile'. Did you mean: '_TiledMediaObject__tmpfile'?
Traceback (most recent call last):
  File "/home/asd/Projects/zooui/zooui/objects/scene/qzui.py", line 297, in timerEvent
    self.repaint()
  File "/home/asd/Projects/zooui/zooui/objects/scene/qzui.py", line 229, in paintEvent
    errors = self.scene.render(painter, self.__draft)  #
             ^^^^^^^^^^^^^^^^^^^^^^^^^^^^^^^^^^^^^^^^
  File "/home/asd/Projects/zooui/zooui/objects/scene/scene.py", line 1071, in render
    mediaobject.render(painter, mode)
  File "/home/asd/Projects/zooui/zooui/objects/mediaobjects/pdfmediaobject.py", line 179, in render
    super().render(painter, mode)
  File "/home/asd/Projects/zooui/zooui/objects/mediaobjects/tiledmediaobject.py", line 815, in render
    self.__run_tiler()
  File "/home/asd/Projects/zooui/zooui/objects/mediaobjects/tiledmediaobject.py", line 738, in __run_tiler
    if not os.path.exists(self.__ppmfile):
                          ^^^^^^^^^^^^^^
AttributeError: 'PdfMediaObject' object has no attribute '_TiledMediaObject__ppmfile'. Did you mean: '_TiledMediaObject__tmpfile'?
Traceback (most recent call last):
  File "/home/asd/Projects/zooui/zooui/objects/scene/qzui.py", line 229, in paintEvent
    errors = self.scene.render(painter, self.__draft)  #
             ^^^^^^^^^^^^^^^^^^^^^^^^^^^^^^^^^^^^^^^^
  File "/home/asd/Projects/zooui/zooui/objects/scene/scene.py", line 1071, in render
    mediaobject.render(painter, mode)
  File "/home/asd/Projects/zooui/zooui/objects/mediaobjects/pdfmediaobject.py", line 179, in render
    super().render(painter, mode)
  File "/home/asd/Projects/zooui/zooui/objects/mediaobjects/tiledmediaobject.py", line 815, in render
    self.__run_tiler()
  File "/home/asd/Projects/zooui/zooui/objects/mediaobjects/tiledmediaobject.py", line 738, in __run_tiler
    if not os.path.exists(self.__ppmfile):
                          ^^^^^^^^^^^^^^
AttributeError: 'PdfMediaObject' object has no attribute '_TiledMediaObject__ppmfile'. Did you mean: '_TiledMediaObject__tmpfile'?
Traceback (most recent call last):
  File "/home/asd/Projects/zooui/zooui/objects/scene/qzui.py", line 297, in timerEvent
    self.repaint()
  File "/home/asd/Projects/zooui/zooui/objects/scene/qzui.py", line 229, in paintEvent
    errors = self.scene.render(painter, self.__draft)  #
             ^^^^^^^^^^^^^^^^^^^^^^^^^^^^^^^^^^^^^^^^
  File "/home/asd/Projects/zooui/zooui/objects/scene/scene.py", line 1071, in render
    mediaobject.render(painter, mode)
  File "/home/asd/Projects/zooui/zooui/objects/mediaobjects/pdfmediaobject.py", line 179, in render
    super().render(painter, mode)
  File "/home/asd/Projects/zooui/zooui/objects/mediaobjects/tiledmediaobject.py", line 815, in render
    self.__run_tiler()
  File "/home/asd/Projects/zooui/zooui/objects/mediaobjects/tiledmediaobject.py", line 738, in __run_tiler
    if not os.path.exists(self.__ppmfile):
                          ^^^^^^^^^^^^^^
AttributeError: 'PdfMediaObject' object has no attribute '_TiledMediaObject__ppmfile'. Did you mean: '_TiledMediaObject__tmpfile'?
Traceback (most recent call last):
  File "/home/asd/Projects/zooui/zooui/objects/scene/qzui.py", line 297, in timerEvent
    self.repaint()
  File "/home/asd/Projects/zooui/zooui/objects/scene/qzui.py", line 229, in paintEvent
    errors = self.scene.render(painter, self.__draft)  #
             ^^^^^^^^^^^^^^^^^^^^^^^^^^^^^^^^^^^^^^^^
  File "/home/asd/Projects/zooui/zooui/objects/scene/scene.py", line 1071, in render
    mediaobject.render(painter, mode)
  File "/home/asd/Projects/zooui/zooui/objects/mediaobjects/pdfmediaobject.py", line 179, in render
    super().render(painter, mode)
  File "/home/asd/Projects/zooui/zooui/objects/mediaobjects/tiledmediaobject.py", line 815, in render
    self.__run_tiler()
  File "/home/asd/Projects/zooui/zooui/objects/mediaobjects/tiledmediaobject.py", line 738, in __run_tiler
    if not os.path.exists(self.__ppmfile):
                          ^^^^^^^^^^^^^^
AttributeError: 'PdfMediaObject' object has no attribute '_TiledMediaObject__ppmfile'. Did you mean: '_TiledMediaObject__tmpfile'?
Traceback (most recent call last):
  File "/home/asd/Projects/zooui/zooui/objects/scene/qzui.py", line 297, in timerEvent
    self.repaint()
  File "/home/asd/Projects/zooui/zooui/objects/scene/qzui.py", line 229, in paintEvent
    errors = self.scene.render(painter, self.__draft)  #
             ^^^^^^^^^^^^^^^^^^^^^^^^^^^^^^^^^^^^^^^^
  File "/home/asd/Projects/zooui/zooui/objects/scene/scene.py", line 1071, in render
    mediaobject.render(painter, mode)
  File "/home/asd/Projects/zooui/zooui/objects/mediaobjects/pdfmediaobject.py", line 179, in render
    super().render(painter, mode)
  File "/home/asd/Projects/zooui/zooui/objects/mediaobjects/tiledmediaobject.py", line 815, in render
    self.__run_tiler()
  File "/home/asd/Projects/zooui/zooui/objects/mediaobjects/tiledmediaobject.py", line 738, in __run_tiler
    if not os.path.exists(self.__ppmfile):
                          ^^^^^^^^^^^^^^
AttributeError: 'PdfMediaObject' object has no attribute '_TiledMediaObject__ppmfile'. Did you mean: '_TiledMediaObject__tmpfile'?
Traceback (most recent call last):
  File "/home/asd/Projects/zooui/zooui/objects/scene/qzui.py", line 297, in timerEvent
    self.repaint()
  File "/home/asd/Projects/zooui/zooui/objects/scene/qzui.py", line 229, in paintEvent
    errors = self.scene.render(painter, self.__draft)  #
             ^^^^^^^^^^^^^^^^^^^^^^^^^^^^^^^^^^^^^^^^
  File "/home/asd/Projects/zooui/zooui/objects/scene/scene.py", line 1071, in render
    mediaobject.render(painter, mode)
  File "/home/asd/Projects/zooui/zooui/objects/mediaobjects/pdfmediaobject.py", line 179, in render
    super().render(painter, mode)
  File "/home/asd/Projects/zooui/zooui/objects/mediaobjects/tiledmediaobject.py", line 815, in render
    self.__run_tiler()
  File "/home/asd/Projects/zooui/zooui/objects/mediaobjects/tiledmediaobject.py", line 738, in __run_tiler
    if not os.path.exists(self.__ppmfile):
                          ^^^^^^^^^^^^^^
AttributeError: 'PdfMediaObject' object has no attribute '_TiledMediaObject__ppmfile'. Did you mean: '_TiledMediaObject__tmpfile'?
Traceback (most recent call last):
  File "/home/asd/Projects/zooui/zooui/objects/scene/qzui.py", line 297, in timerEvent
    self.repaint()
  File "/home/asd/Projects/zooui/zooui/objects/scene/qzui.py", line 229, in paintEvent
    errors = self.scene.render(painter, self.__draft)  #
             ^^^^^^^^^^^^^^^^^^^^^^^^^^^^^^^^^^^^^^^^
  File "/home/asd/Projects/zooui/zooui/objects/scene/scene.py", line 1071, in render
    mediaobject.render(painter, mode)
  File "/home/asd/Projects/zooui/zooui/objects/mediaobjects/pdfmediaobject.py", line 179, in render
    super().render(painter, mode)
  File "/home/asd/Projects/zooui/zooui/objects/mediaobjects/tiledmediaobject.py", line 815, in render
    self.__run_tiler()
  File "/home/asd/Projects/zooui/zooui/objects/mediaobjects/tiledmediaobject.py", line 738, in __run_tiler
    if not os.path.exists(self.__ppmfile):
                          ^^^^^^^^^^^^^^
AttributeError: 'PdfMediaObject' object has no attribute '_TiledMediaObject__ppmfile'. Did you mean: '_TiledMediaObject__tmpfile'?
Traceback (most recent call last):
  File "/home/asd/Projects/zooui/zooui/objects/scene/qzui.py", line 297, in timerEvent
    self.repaint()
  File "/home/asd/Projects/zooui/zooui/objects/scene/qzui.py", line 229, in paintEvent
    errors = self.scene.render(painter, self.__draft)  #
             ^^^^^^^^^^^^^^^^^^^^^^^^^^^^^^^^^^^^^^^^
  File "/home/asd/Projects/zooui/zooui/objects/scene/scene.py", line 1071, in render
    mediaobject.render(painter, mode)
  File "/home/asd/Projects/zooui/zooui/objects/mediaobjects/pdfmediaobject.py", line 179, in render
    super().render(painter, mode)
  File "/home/asd/Projects/zooui/zooui/objects/mediaobjects/tiledmediaobject.py", line 815, in render
    self.__run_tiler()
  File "/home/asd/Projects/zooui/zooui/objects/mediaobjects/tiledmediaobject.py", line 738, in __run_tiler
    if not os.path.exists(self.__ppmfile):
                          ^^^^^^^^^^^^^^
AttributeError: 'PdfMediaObject' object has no attribute '_TiledMediaObject__ppmfile'. Did you mean: '_TiledMediaObject__tmpfile'?
Traceback (most recent call last):
  File "/home/asd/Projects/zooui/zooui/objects/scene/qzui.py", line 297, in timerEvent
    self.repaint()
  File "/home/asd/Projects/zooui/zooui/objects/scene/qzui.py", line 229, in paintEvent
    errors = self.scene.render(painter, self.__draft)  #
             ^^^^^^^^^^^^^^^^^^^^^^^^^^^^^^^^^^^^^^^^
  File "/home/asd/Projects/zooui/zooui/objects/scene/scene.py", line 1071, in render
    mediaobject.render(painter, mode)
  File "/home/asd/Projects/zooui/zooui/objects/mediaobjects/pdfmediaobject.py", line 179, in render
    super().render(painter, mode)
  File "/home/asd/Projects/zooui/zooui/objects/mediaobjects/tiledmediaobject.py", line 815, in render
    self.__run_tiler()
  File "/home/asd/Projects/zooui/zooui/objects/mediaobjects/tiledmediaobject.py", line 738, in __run_tiler
    if not os.path.exists(self.__ppmfile):
                          ^^^^^^^^^^^^^^
AttributeError: 'PdfMediaObject' object has no attribute '_TiledMediaObject__ppmfile'. Did you mean: '_TiledMediaObject__tmpfile'?
Traceback (most recent call last):
  File "/home/asd/Projects/zooui/zooui/objects/scene/qzui.py", line 297, in timerEvent
    self.repaint()
  File "/home/asd/Projects/zooui/zooui/objects/scene/qzui.py", line 229, in paintEvent
    errors = self.scene.render(painter, self.__draft)  #
             ^^^^^^^^^^^^^^^^^^^^^^^^^^^^^^^^^^^^^^^^
  File "/home/asd/Projects/zooui/zooui/objects/scene/scene.py", line 1071, in render
    mediaobject.render(painter, mode)
  File "/home/asd/Projects/zooui/zooui/objects/mediaobjects/pdfmediaobject.py", line 179, in render
    super().render(painter, mode)
  File "/home/asd/Projects/zooui/zooui/objects/mediaobjects/tiledmediaobject.py", line 815, in render
    self.__run_tiler()
  File "/home/asd/Projects/zooui/zooui/objects/mediaobjects/tiledmediaobject.py", line 738, in __run_tiler
    if not os.path.exists(self.__ppmfile):
                          ^^^^^^^^^^^^^^
AttributeError: 'PdfMediaObject' object has no attribute '_TiledMediaObject__ppmfile'. Did you mean: '_TiledMediaObject__tmpfile'?
Traceback (most recent call last):
  File "/home/asd/Projects/zooui/zooui/objects/scene/qzui.py", line 297, in timerEvent
    self.repaint()
  File "/home/asd/Projects/zooui/zooui/objects/scene/qzui.py", line 229, in paintEvent
    errors = self.scene.render(painter, self.__draft)  #
             ^^^^^^^^^^^^^^^^^^^^^^^^^^^^^^^^^^^^^^^^
  File "/home/asd/Projects/zooui/zooui/objects/scene/scene.py", line 1071, in render
    mediaobject.render(painter, mode)
  File "/home/asd/Projects/zooui/zooui/objects/mediaobjects/pdfmediaobject.py", line 179, in render
    super().render(painter, mode)
  File "/home/asd/Projects/zooui/zooui/objects/mediaobjects/tiledmediaobject.py", line 815, in render
    self.__run_tiler()
  File "/home/asd/Projects/zooui/zooui/objects/mediaobjects/tiledmediaobject.py", line 738, in __run_tiler
    if not os.path.exists(self.__ppmfile):
                          ^^^^^^^^^^^^^^
AttributeError: 'PdfMediaObject' object has no attribute '_TiledMediaObject__ppmfile'. Did you mean: '_TiledMediaObject__tmpfile'?
QImage::scaled: Image is a null image
QImage::scaled: Image is a null image
QImage::scaled: Image is a null image
QImage::scaled: Image is a null image
QImage::scaled: Image is a null image
QImage::scaled: Image is a null image
QImage::scaled: Image is a null image
QImage::scaled: Image is a null image
QImage::scaled: Image is a null image
QImage::scaled: Image is a null image
QImage::scaled: Image is a null image
QImage::scaled: Image is a null image
QImage::scaled: Image is a null image
QImage::scaled: Image is a null image
QImage::scaled: Image is a null image
QImage::scaled: Image is a null image
QImage::scaled: Image is a null image
QImage::scaled: Image is a null image
QImage::scaled: Image is a null image
QImage::scaled: Image is a null image
QImage::scaled: Image is a null image
QImage::scaled: Image is a null image
QImage::scaled: Image is a null image
QImage::scaled: Image is a null image
QImage::scaled: Image is a null image
QImage::scaled: Image is a null image
QImage::scaled: Image is a null image
QImage::scaled: Image is a null image
QImage::scaled: Image is a null image
QImage::scaled: Image is a null image
QImage::scaled: Image is a null image
QImage::scaled: Image is a null image
QImage::scaled: Image is a null image
QImage::scaled: Image is a null image
QImage::scaled: Image is a null image
QImage::scaled: Image is a null image
QImage::scaled: Image is a null image
QImage::scaled: Image is a null image
QImage::scaled: Image is a null image
QImage::scaled: Image is a null image
QImage::scaled: Image is a null image
QImage::scaled: Image is a null image
QImage::scaled: Image is a null image
QImage::scaled: Image is a null image
QImage::scaled: Image is a null image
QImage::scaled: Image is a null image
QImage::scaled: Image is a null image
QImage::scaled: Image is a null image
QImage::scaled: Image is a null image
QImage::scaled: Image is a null image
QImage::scaled: Image is a null image
QImage::scaled: Image is a null image
QImage::scaled: Image is a null image
QImage::scaled: Image is a null image
QImage::scaled: Image is a null image
QImage::scaled: Image is a null image
QImage::scaled: Image is a null image
QImage::scaled: Image is a null image
QImage::scaled: Image is a null image
QImage::scaled: Image is a null image
QImage::scaled: Image is a null image
QImage::scaled: Image is a null image
QImage::scaled: Image is a null image
QImage::scaled: Image is a null image
QImage::scaled: Image is a null image
QImage::scaled: Image is a null image
QImage::scaled: Image is a null image
QImage::scaled: Image is a null image
QImage::scaled: Image is a null image
QImage::scaled: Image is a null image
QImage::scaled: Image is a null image
QImage::scaled: Image is a null image
QImage::scaled: Image is a null image
QImage::scaled: Image is a null image
QImage::scaled: Image is a null image
QImage::scaled: Image is a null image
QImage::scaled: Image is a null image
QImage::scaled: Image is a null image
QImage::scaled: Image is a null image
QImage::scaled: Image is a null image
QImage::scaled: Image is a null image
QImage::scaled: Image is a null image
QImage::scaled: Image is a null image
QImage::scaled: Image is a null image
QImage::scaled: Image is a null image
QImage::scaled: Image is a null image
QImage::scaled: Image is a null image
QImage::scaled: Image is a null image
QImage::scaled: Image is a null image
QImage::scaled: Image is a null image
QImage::scaled: Image is a null image
QImage::scaled: Image is a null image
QImage::scaled: Image is a null image
QImage::scaled: Image is a null image
QImage::scaled: Image is a null image
QImage::scaled: Image is a null image
QImage::scaled: Image is a null image
QImage::scaled: Image is a null image
QImage::scaled: Image is a null image
QImage::scaled: Image is a null image
QImage::scaled: Image is a null image
QImage::scaled: Image is a null image
QImage::scaled: Image is a null image
QImage::scaled: Image is a null image
QImage::scaled: Image is a null image
QImage::scaled: Image is a null image
QImage::scaled: Image is a null image
QImage::scaled: Image is a null image
QImage::scaled: Image is a null image
QImage::scaled: Image is a null image
QImage::scaled: Image is a null image
QImage::scaled: Image is a null image
QImage::scaled: Image is a null image
QImage::scaled: Image is a null image
QImage::scaled: Image is a null image
QImage::scaled: Image is a null image
QImage::scaled: Image is a null image
QImage::scaled: Image is a null image
QImage::scaled: Image is a null image
QImage::scaled: Image is a null image
QImage::scaled: Image is a null image
QImage::scaled: Image is a null image
QImage::scaled: Image is a null image
QImage::scaled: Image is a null image
QImage::scaled: Image is a null image
<string>:184: (ERROR/3) Unknown interpreted text role "kbd".
<string>:184: (ERROR/3) Unknown interpreted text role "file".
Traceback (most recent call last):
  File "/home/asd/Projects/zooui/zooui/objects/scene/qzui.py", line 229, in paintEvent
    errors = self.scene.render(painter, self.__draft)  #
             ^^^^^^^^^^^^^^^^^^^^^^^^^^^^^^^^^^^^^^^^
  File "/home/asd/Projects/zooui/zooui/objects/scene/scene.py", line 1071, in render
    mediaobject.render(painter, mode)
  File "/home/asd/Projects/zooui/zooui/objects/mediaobjects/pdfmediaobject.py", line 179, in render
    self._TiledMediaObject__converter = self._dummy_converter
    ^^^^^^^^^^^^^^^^^^^^^^^^^^^^^
  File "/home/asd/Projects/zooui/zooui/objects/mediaobjects/tiledmediaobject.py", line 815, in render
    self.__run_tiler()
  File "/home/asd/Projects/zooui/zooui/objects/mediaobjects/tiledmediaobject.py", line 738, in __run_tiler
    if not os.path.exists(self.__ppmfile):
                          ^^^^^^^^^^^^^^
AttributeError: 'PdfMediaObject' object has no attribute '_TiledMediaObject__ppmfile'. Did you mean: '_TiledMediaObject__tmpfile'?
Traceback (most recent call last):
  File "/home/asd/Projects/zooui/zooui/objects/scene/qzui.py", line 297, in timerEvent
    self.repaint()
  File "/home/asd/Projects/zooui/zooui/objects/scene/qzui.py", line 229, in paintEvent
    errors = self.scene.render(painter, self.__draft)  #
             ^^^^^^^^^^^^^^^^^^^^^^^^^^^^^^^^^^^^^^^^
  File "/home/asd/Projects/zooui/zooui/objects/scene/scene.py", line 1071, in render
    mediaobject.render(painter, mode)
  File "/home/asd/Projects/zooui/zooui/objects/mediaobjects/pdfmediaobject.py", line 179, in render
    self._TiledMediaObject__converter = self._dummy_converter
    ^^^^^^^^^^^^^^^^^^^^^^^^^^^^^
  File "/home/asd/Projects/zooui/zooui/objects/mediaobjects/tiledmediaobject.py", line 815, in render
    self.__run_tiler()
  File "/home/asd/Projects/zooui/zooui/objects/mediaobjects/tiledmediaobject.py", line 738, in __run_tiler
    if not os.path.exists(self.__ppmfile):
                          ^^^^^^^^^^^^^^
AttributeError: 'PdfMediaObject' object has no attribute '_TiledMediaObject__ppmfile'. Did you mean: '_TiledMediaObject__tmpfile'?
Traceback (most recent call last):
  File "/home/asd/Projects/zooui/zooui/objects/scene/qzui.py", line 297, in timerEvent
    self.repaint()
  File "/home/asd/Projects/zooui/zooui/objects/scene/qzui.py", line 229, in paintEvent
    errors = self.scene.render(painter, self.__draft)  #
             ^^^^^^^^^^^^^^^^^^^^^^^^^^^^^^^^^^^^^^^^
  File "/home/asd/Projects/zooui/zooui/objects/scene/scene.py", line 1071, in render
    mediaobject.render(painter, mode)
  File "/home/asd/Projects/zooui/zooui/objects/mediaobjects/pdfmediaobject.py", line 179, in render
    self._TiledMediaObject__converter = self._dummy_converter
    ^^^^^^^^^^^^^^^^^^^^^^^^^^^^^
  File "/home/asd/Projects/zooui/zooui/objects/mediaobjects/tiledmediaobject.py", line 815, in render
    self.__run_tiler()
  File "/home/asd/Projects/zooui/zooui/objects/mediaobjects/tiledmediaobject.py", line 738, in __run_tiler
    if not os.path.exists(self.__ppmfile):
                          ^^^^^^^^^^^^^^
AttributeError: 'PdfMediaObject' object has no attribute '_TiledMediaObject__ppmfile'. Did you mean: '_TiledMediaObject__tmpfile'?
Traceback (most recent call last):
  File "/home/asd/Projects/zooui/zooui/objects/scene/qzui.py", line 297, in timerEvent
    self.repaint()
  File "/home/asd/Projects/zooui/zooui/objects/scene/qzui.py", line 229, in paintEvent
    errors = self.scene.render(painter, self.__draft)  #
             ^^^^^^^^^^^^^^^^^^^^^^^^^^^^^^^^^^^^^^^^
  File "/home/asd/Projects/zooui/zooui/objects/scene/scene.py", line 1071, in render
    mediaobject.render(painter, mode)
  File "/home/asd/Projects/zooui/zooui/objects/mediaobjects/pdfmediaobject.py", line 179, in render
    self._TiledMediaObject__converter = self._dummy_converter
    ^^^^^^^^^^^^^^^^^^^^^^^^^^^^^
  File "/home/asd/Projects/zooui/zooui/objects/mediaobjects/tiledmediaobject.py", line 815, in render
    self.__run_tiler()
  File "/home/asd/Projects/zooui/zooui/objects/mediaobjects/tiledmediaobject.py", line 738, in __run_tiler
    if not os.path.exists(self.__ppmfile):
                          ^^^^^^^^^^^^^^
AttributeError: 'PdfMediaObject' object has no attribute '_TiledMediaObject__ppmfile'. Did you mean: '_TiledMediaObject__tmpfile'?
Traceback (most recent call last):
  File "/home/asd/Projects/zooui/zooui/objects/scene/qzui.py", line 297, in timerEvent
    self.repaint()
  File "/home/asd/Projects/zooui/zooui/objects/scene/qzui.py", line 229, in paintEvent
    errors = self.scene.render(painter, self.__draft)  #
             ^^^^^^^^^^^^^^^^^^^^^^^^^^^^^^^^^^^^^^^^
  File "/home/asd/Projects/zooui/zooui/objects/scene/scene.py", line 1071, in render
    mediaobject.render(painter, mode)
  File "/home/asd/Projects/zooui/zooui/objects/mediaobjects/pdfmediaobject.py", line 179, in render
    self._TiledMediaObject__converter = self._dummy_converter
    ^^^^^^^^^^^^^^^^^^^^^^^^^^^^^
  File "/home/asd/Projects/zooui/zooui/objects/mediaobjects/tiledmediaobject.py", line 815, in render
    self.__run_tiler()
  File "/home/asd/Projects/zooui/zooui/objects/mediaobjects/tiledmediaobject.py", line 738, in __run_tiler
    if not os.path.exists(self.__ppmfile):
                          ^^^^^^^^^^^^^^
AttributeError: 'PdfMediaObject' object has no attribute '_TiledMediaObject__ppmfile'. Did you mean: '_TiledMediaObject__tmpfile'?
Traceback (most recent call last):
  File "/home/asd/Projects/zooui/zooui/objects/scene/qzui.py", line 297, in timerEvent
    self.repaint()
  File "/home/asd/Projects/zooui/zooui/objects/scene/qzui.py", line 229, in paintEvent
    errors = self.scene.render(painter, self.__draft)  #
             ^^^^^^^^^^^^^^^^^^^^^^^^^^^^^^^^^^^^^^^^
  File "/home/asd/Projects/zooui/zooui/objects/scene/scene.py", line 1071, in render
    mediaobject.render(painter, mode)
  File "/home/asd/Projects/zooui/zooui/objects/mediaobjects/pdfmediaobject.py", line 179, in render
    self._TiledMediaObject__converter = self._dummy_converter
    ^^^^^^^^^^^^^^^^^^^^^^^^^^^^^
  File "/home/asd/Projects/zooui/zooui/objects/mediaobjects/tiledmediaobject.py", line 815, in render
    self.__run_tiler()
  File "/home/asd/Projects/zooui/zooui/objects/mediaobjects/tiledmediaobject.py", line 738, in __run_tiler
    if not os.path.exists(self.__ppmfile):
                          ^^^^^^^^^^^^^^
AttributeError: 'PdfMediaObject' object has no attribute '_TiledMediaObject__ppmfile'. Did you mean: '_TiledMediaObject__tmpfile'?
QPainter::begin: Paint device returned engine == 0, type: 3
QPainter::end: Painter not active, aborted
QImage::scaled: Image is a null image
QPainter::begin: Paint device returned engine == 0, type: 3
QPainter::end: Painter not active, aborted
QImage::scaled: Image is a null image
QImage::scaled: Image is a null image
QImage::scaled: Image is a null image
QImage::scaled: Image is a null image
QImage::scaled: Image is a null image
QImage::scaled: Image is a null image
QImage::scaled: Image is a null image
QImage::scaled: Image is a null image
QImage::scaled: Image is a null image
QImage::scaled: Image is a null image
QImage::scaled: Image is a null image
QImage::scaled: Image is a null image
QImage::scaled: Image is a null image
QImage::scaled: Image is a null image
QImage::scaled: Image is a null image
QImage::scaled: Image is a null image
QImage::scaled: Image is a null image
QImage::scaled: Image is a null image
QImage::scaled: Image is a null image
QImage::scaled: Image is a null image
QImage::scaled: Image is a null image
QImage::scaled: Image is a null image
QImage::scaled: Image is a null image
QImage::scaled: Image is a null image
QImage::scaled: Image is a null image
QImage::scaled: Image is a null image
QPainter::begin: Paint device returned engine == 0, type: 3
QPainter::end: Painter not active, aborted
QImage::scaled: Image is a null image
QPainter::begin: Paint device returned engine == 0, type: 3
QPainter::end: Painter not active, aborted
QImage::scaled: Image is a null image
QImage::scaled: Image is a null image
QImage::scaled: Image is a null image
QImage::scaled: Image is a null image
QImage::scaled: Image is a null image
QImage::scaled: Image is a null image
QImage::scaled: Image is a null image
QImage::scaled: Image is a null image
QImage::scaled: Image is a null image
QImage::scaled: Image is a null image
QImage::scaled: Image is a null image
QImage::scaled: Image is a null image
QImage::scaled: Image is a null image
QImage::scaled: Image is a null image
QImage::scaled: Image is a null image
QImage::scaled: Image is a null image
QImage::scaled: Image is a null image
QImage::scaled: Image is a null image
QImage::scaled: Image is a null image
QImage::scaled: Image is a null image
QImage::scaled: Image is a null image
QImage::scaled: Image is a null image
QImage::scaled: Image is a null image
QImage::scaled: Image is a null image
QImage::scaled: Image is a null image
QImage::scaled: Image is a null image
QImage::scaled: Image is a null image
QImage::scaled: Image is a null image
QImage::scaled: Image is a null image
QImage::scaled: Image is a null image
QImage::scaled: Image is a null image
QImage::scaled: Image is a null image
QImage::scaled: Image is a null image
QImage::scaled: Image is a null image
QImage::scaled: Image is a null image
QImage::scaled: Image is a null image
QImage::scaled: Image is a null image
QPainter::begin: Paint device returned engine == 0, type: 3
QPainter::end: Painter not active, aborted
QImage::scaled: Image is a null image
QPainter::begin: Paint device returned engine == 0, type: 3
QPainter::end: Painter not active, aborted
QImage::scaled: Image is a null image
QImage::scaled: Image is a null image
QImage::scaled: Image is a null image
QImage::scaled: Image is a null image
QImage::scaled: Image is a null image
QImage::scaled: Image is a null image
QImage::scaled: Image is a null image
QImage::scaled: Image is a null image
QImage::scaled: Image is a null image
QImage::scaled: Image is a null image
QImage::scaled: Image is a null image
QImage::scaled: Image is a null image
QImage::scaled: Image is a null image
QImage::scaled: Image is a null image
QImage::scaled: Image is a null image
QImage::scaled: Image is a null image
QImage::scaled: Image is a null image
QImage::scaled: Image is a null image
QImage::scaled: Image is a null image
QImage::scaled: Image is a null image
QImage::scaled: Image is a null image
QImage::scaled: Image is a null image
QImage::scaled: Image is a null image
QImage::scaled: Image is a null image
QImage::scaled: Image is a null image
QImage::scaled: Image is a null image
QImage::scaled: Image is a null image
QImage::scaled: Image is a null image
QImage::scaled: Image is a null image
QImage::scaled: Image is a null image
QImage::scaled: Image is a null image
QImage::scaled: Image is a null image
QImage::scaled: Image is a null image
QImage::scaled: Image is a null image
QImage::scaled: Image is a null image
QImage::scaled: Image is a null image
QImage::scaled: Image is a null image
QImage::scaled: Image is a null image
QImage::scaled: Image is a null image
QImage::scaled: Image is a null image
QImage::scaled: Image is a null image
QImage::scaled: Image is a null image
QImage::scaled: Image is a null image
QImage::scaled: Image is a null image
QImage::scaled: Image is a null image
QImage::scaled: Image is a null image
QImage::scaled: Image is a null image
QImage::scaled: Image is a null image
QImage::scaled: Image is a null image
QImage::scaled: Image is a null image
QImage::scaled: Image is a null image
QImage::scaled: Image is a null image
QImage::scaled: Image is a null image
QImage::scaled: Image is a null image
QImage::scaled: Image is a null image
QImage::scaled: Image is a null image
QImage::scaled: Image is a null image
QImage::scaled: Image is a null image
QImage::scaled: Image is a null image
QImage::scaled: Image is a null image
QImage::scaled: Image is a null image
QImage::scaled: Image is a null image
QImage::scaled: Image is a null image
QImage::scaled: Image is a null image
QImage::scaled: Image is a null image
QImage::scaled: Image is a null image
QImage::scaled: Image is a null image
QImage::scaled: Image is a null image
QImage::scaled: Image is a null image
QImage::scaled: Image is a null image
QImage::scaled: Image is a null image
QImage::scaled: Image is a null image
QImage::scaled: Image is a null image
QImage::scaled: Image is a null image
QImage::scaled: Image is a null image
QImage::scaled: Image is a null image
QImage::scaled: Image is a null image
QImage::scaled: Image is a null image
QImage::scaled: Image is a null image
QImage::scaled: Image is a null image
QImage::scaled: Image is a null image
QImage::scaled: Image is a null image
QPainter::begin: Paint device returned engine == 0, type: 3
QPainter::end: Painter not active, aborted
QImage::scaled: Image is a null image
QPainter::begin: Paint device returned engine == 0, type: 3
QPainter::end: Painter not active, aborted
QImage::scaled: Image is a null image
QImage::scaled: Image is a null image
QImage::scaled: Image is a null image
QImage::scaled: Image is a null image
QImage::scaled: Image is a null image
QImage::scaled: Image is a null image
QImage::scaled: Image is a null image
QImage::scaled: Image is a null image
QImage::scaled: Image is a null image
QImage::scaled: Image is a null image
QImage::scaled: Image is a null image
QImage::scaled: Image is a null image
QImage::scaled: Image is a null image
QImage::scaled: Image is a null image
QImage::scaled: Image is a null image
QImage::scaled: Image is a null image
QImage::scaled: Image is a null image
QImage::scaled: Image is a null image
QImage::scaled: Image is a null image
QImage::scaled: Image is a null image
QImage::scaled: Image is a null image
QImage::scaled: Image is a null image
QImage::scaled: Image is a null image
QImage::scaled: Image is a null image
QImage::scaled: Image is a null image
QImage::scaled: Image is a null image
QImage::scaled: Image is a null image
QImage::scaled: Image is a null image
QImage::scaled: Image is a null image
QImage::scaled: Image is a null image
QImage::scaled: Image is a null image
QImage::scaled: Image is a null image
QImage::scaled: Image is a null image
QImage::scaled: Image is a null image
QImage::scaled: Image is a null image
QImage::scaled: Image is a null image
QImage::scaled: Image is a null image
QImage::scaled: Image is a null image
QImage::scaled: Image is a null image
QImage::scaled: Image is a null image
QImage::scaled: Image is a null image
QImage::scaled: Image is a null image
QImage::scaled: Image is a null image
QImage::scaled: Image is a null image
QImage::scaled: Image is a null image
QImage::scaled: Image is a null image
QImage::scaled: Image is a null image
QImage::scaled: Image is a null image
QImage::scaled: Image is a null image
QImage::scaled: Image is a null image
QImage::scaled: Image is a null image
QImage::scaled: Image is a null image
QImage::scaled: Image is a null image
QImage::scaled: Image is a null image
QImage::scaled: Image is a null image
QImage::scaled: Image is a null image
QImage::scaled: Image is a null image
QImage::scaled: Image is a null image
QImage::scaled: Image is a null image
QImage::scaled: Image is a null image
QImage::scaled: Image is a null image
QImage::scaled: Image is a null image
QImage::scaled: Image is a null image
QImage::scaled: Image is a null image
QImage::scaled: Image is a null image
QImage::scaled: Image is a null image
QImage::scaled: Image is a null image
QImage::scaled: Image is a null image
QImage::scaled: Image is a null image
QImage::scaled: Image is a null image
QImage::scaled: Image is a null image
QImage::scaled: Image is a null image
QImage::scaled: Image is a null image
QImage::scaled: Image is a null image
QImage::scaled: Image is a null image
QImage::scaled: Image is a null image
QImage::scaled: Image is a null image
QPainter::begin: Paint device returned engine == 0, type: 3
QPainter::end: Painter not active, aborted
QImage::scaled: Image is a null image
QPainter::begin: Paint device returned engine == 0, type: 3
QPainter::end: Painter not active, aborted
QImage::scaled: Image is a null image
QImage::scaled: Image is a null image
QImage::scaled: Image is a null image
QImage::scaled: Image is a null image
QImage::scaled: Image is a null image
QImage::scaled: Image is a null image
QImage::scaled: Image is a null image
QImage::scaled: Image is a null image
QImage::scaled: Image is a null image
QImage::scaled: Image is a null image
QImage::scaled: Image is a null image
QImage::scaled: Image is a null image
QImage::scaled: Image is a null image
QImage::scaled: Image is a null image
QImage::scaled: Image is a null image
QImage::scaled: Image is a null image
QImage::scaled: Image is a null image
QImage::scaled: Image is a null image
QImage::scaled: Image is a null image
QImage::scaled: Image is a null image
QImage::scaled: Image is a null image
QImage::scaled: Image is a null image
QImage::scaled: Image is a null image
QImage::scaled: Image is a null image
QImage::scaled: Image is a null image
QImage::scaled: Image is a null image
QImage::scaled: Image is a null image
QImage::scaled: Image is a null image
QImage::scaled: Image is a null image
QImage::scaled: Image is a null image
QImage::scaled: Image is a null image
QImage::scaled: Image is a null image
QImage::scaled: Image is a null image
QImage::scaled: Image is a null image
QImage::scaled: Image is a null image
QImage::scaled: Image is a null image
QImage::scaled: Image is a null image
QImage::scaled: Image is a null image
QImage::scaled: Image is a null image
QImage::scaled: Image is a null image
QImage::scaled: Image is a null image
QImage::scaled: Image is a null image
QImage::scaled: Image is a null image
QImage::scaled: Image is a null image
QImage::scaled: Image is a null image
QImage::scaled: Image is a null image
QImage::scaled: Image is a null image
QImage::scaled: Image is a null image
QImage::scaled: Image is a null image
QImage::scaled: Image is a null image
QImage::scaled: Image is a null image
QImage::scaled: Image is a null image
QImage::scaled: Image is a null image
QImage::scaled: Image is a null image
QImage::scaled: Image is a null image
QImage::scaled: Image is a null image
QImage::scaled: Image is a null image
QImage::scaled: Image is a null image
QImage::scaled: Image is a null image
QImage::scaled: Image is a null image
QImage::scaled: Image is a null image
QImage::scaled: Image is a null image
QImage::scaled: Image is a null image
QImage::scaled: Image is a null image
QImage::scaled: Image is a null image
QImage::scaled: Image is a null image
QImage::scaled: Image is a null image
QImage::scaled: Image is a null image
QImage::scaled: Image is a null image
QImage::scaled: Image is a null image
QImage::scaled: Image is a null image
QImage::scaled: Image is a null image
QImage::scaled: Image is a null image
QImage::scaled: Image is a null image
QImage::scaled: Image is a null image
QImage::scaled: Image is a null image
QImage::scaled: Image is a null image
QImage::scaled: Image is a null image
QImage::scaled: Image is a null image
QImage::scaled: Image is a null image
QImage::scaled: Image is a null image
QImage::scaled: Image is a null image
QFSFileEngine::open: No file name specified
QFile::remove: Empty or null file name
QFSFileEngine::open: No file name specified
QFile::remove: Empty or null file name
TypeError: MainWindow.__show_error() missing 1 required positional argument: 'details'
TypeError: MainWindow.__show_error() missing 1 required positional argument: 'details'
TypeError: MainWindow.__show_error() missing 1 required positional argument: 'details'
corrupted double-linked list
/tmp/tmpwuaabi7v: line 19: 2116747 Aborted                 (core dumped) python /home/asd/Projects/zooui/main.py
ERROR conda.cli.main_run:execute(142): `conda run python /home/asd/Projects/zooui/main.py` failed. (See above for error)
